Using pre-set license
Built from '2020.2/release' branch; Version is '2020.2.4f1 (becced5a802b) revision 12504301'; Using compiler version '192528614'; Build Type 'Release'
OS: 'Windows 10 Pro; OS build 22631.4890; Version 2009; 64bit' Language: 'es' Physical Memory: 16085 MB
BatchMode: 1, IsHumanControllingUs: 0, StartBugReporterOnCrash: 0, Is64bit: 1, IsPro: 0

 COMMAND LINE ARGUMENTS:
C:\Program Files\Unity\Hub\Editor\2020.2.4f1\Editor\Unity.exe
-adb2
-batchMode
-noUpm
-name
AssetImportWorker0
-projectPath
C:/Users/adria/Downloads/P2 - Introduction to Scripting Part 1/Introduction to Scripting Part 1
-logFile
Logs/AssetImportWorker0.log
-srvPort
50131
Successfully changed project path to: C:/Users/adria/Downloads/P2 - Introduction to Scripting Part 1/Introduction to Scripting Part 1
C:/Users/adria/Downloads/P2 - Introduction to Scripting Part 1/Introduction to Scripting Part 1
Using Asset Import Pipeline V2.
Refreshing native plugins compatible for Editor in 17.37 ms, found 0 plugins.
Preloading 0 native plugins for Editor in 0.00 ms.
Initialize engine version: 2020.2.4f1 (becced5a802b)
[Subsystems] Discovering subsystems at path C:/Program Files/Unity/Hub/Editor/2020.2.4f1/Editor/Data/Resources/UnitySubsystems
[Subsystems] Discovering subsystems at path C:/Users/adria/Downloads/P2 - Introduction to Scripting Part 1/Introduction to Scripting Part 1/Assets
GfxDevice: creating device client; threaded=0
Direct3D:
    Version:  Direct3D 11.0 [level 11.1]
    Renderer: NVIDIA GeForce RTX 3050 Laptop GPU (ID=0x25a2)
    Vendor:   
    VRAM:     3965 MB
    Driver:   32.0.15.5599
Initialize mono
Mono path[0] = 'C:/Program Files/Unity/Hub/Editor/2020.2.4f1/Editor/Data/Managed'
Mono path[1] = 'C:/Program Files/Unity/Hub/Editor/2020.2.4f1/Editor/Data/MonoBleedingEdge/lib/mono/unityjit'
Mono config path = 'C:/Program Files/Unity/Hub/Editor/2020.2.4f1/Editor/Data/MonoBleedingEdge/etc'
Using monoOptions --debugger-agent=transport=dt_socket,embedding=1,server=y,suspend=n,address=127.0.0.1:56852
Begin MonoManager ReloadAssembly
Registering precompiled unity dll's ...
Register platform support module: C:/Program Files/Unity/Hub/Editor/2020.2.4f1/Editor/Data/PlaybackEngines/WindowsStandaloneSupport/UnityEditor.WindowsStandalone.Extensions.dll
Registered in 0.001754 seconds.
Native extension for WindowsStandalone target not found
Refreshing native plugins compatible for Editor in 23.63 ms, found 0 plugins.
Preloading 0 native plugins for Editor in 0.00 ms.
Invoked RoslynAnalysisRunner static constructor.
RoslynAnalysisRunner will not be running.
RoslynAnalysisRunner has terminated.
Mono: successfully reloaded assembly
- Completed reload, in  0.920 seconds
Platform modules already initialized, skipping
Registering precompiled user dll's ...
Registered in 0.000617 seconds.
Begin MonoManager ReloadAssembly
Native extension for WindowsStandalone target not found
Refreshing native plugins compatible for Editor in 0.23 ms, found 0 plugins.
Preloading 0 native plugins for Editor in 0.00 ms.
Invoked RoslynAnalysisRunner static constructor.
RoslynAnalysisRunner will not be running.
RoslynAnalysisRunner has terminated.
Mono: successfully reloaded assembly
- Completed reload, in  0.747 seconds
Platform modules already initialized, skipping
========================================================================
Worker process is ready to serve import requests
Launched and connected shader compiler UnityShaderCompiler.exe after 0.05 seconds
Refreshing native plugins compatible for Editor in 0.36 ms, found 0 plugins.
Preloading 0 native plugins for Editor in 0.00 ms.
Unloading 1107 Unused Serialized files (Serialized files now loaded: 0)
System memory in use before: 57.2 MB.
System memory in use after: 57.3 MB.

Unloading 9 unused Assets to reduce memory usage. Loaded Objects now: 1549.
Total: 2.311600 ms (FindLiveObjects: 0.443500 ms CreateObjectMapping: 0.144900 ms MarkObjects: 1.624300 ms  DeleteObjects: 0.094900 ms)

========================================================================
Received Import Request.
  path: Assets/RW/Scripts/hayMachine.cs
  artifactKey: Guid(f5fbf02dc50656542875a1d761075280) Importer(815301076,1909f56bfc062723c751e8b465ee728b)
Start importing Assets/RW/Scripts/hayMachine.cs using Guid(f5fbf02dc50656542875a1d761075280) Importer(815301076,1909f56bfc062723c751e8b465ee728b)  -> (artifact id: 'c18ba9ee27daa9fdb74fa4fcd2fd0c1e') in 0.053802 seconds
  Import took 0.056611 seconds .

========================================================================
Received Prepare
Registering precompiled user dll's ...
Registered in 0.000449 seconds.
Begin MonoManager ReloadAssembly
Native extension for WindowsStandalone target not found
Refreshing native plugins compatible for Editor in 0.20 ms, found 0 plugins.
Preloading 0 native plugins for Editor in 0.00 ms.
Invoked RoslynAnalysisRunner static constructor.
RoslynAnalysisRunner will not be running.
RoslynAnalysisRunner has terminated.
Mono: successfully reloaded assembly
- Completed reload, in  0.570 seconds
Platform modules already initialized, skipping
Refreshing native plugins compatible for Editor in 0.18 ms, found 0 plugins.
Preloading 0 native plugins for Editor in 0.00 ms.
Unloading 1101 Unused Serialized files (Serialized files now loaded: 0)
System memory in use before: 57.1 MB.
System memory in use after: 57.2 MB.

Unloading 4 unused Assets to reduce memory usage. Loaded Objects now: 1551.
Total: 1.615800 ms (FindLiveObjects: 0.144600 ms CreateObjectMapping: 0.029000 ms MarkObjects: 1.425200 ms  DeleteObjects: 0.015600 ms)

========================================================================
Received Prepare
Registering precompiled user dll's ...
Registered in 0.000504 seconds.
Begin MonoManager ReloadAssembly
Native extension for WindowsStandalone target not found
Refreshing native plugins compatible for Editor in 0.19 ms, found 0 plugins.
Preloading 0 native plugins for Editor in 0.00 ms.
Invoked RoslynAnalysisRunner static constructor.
RoslynAnalysisRunner will not be running.
RoslynAnalysisRunner has terminated.
Mono: successfully reloaded assembly
- Completed reload, in  0.600 seconds
Platform modules already initialized, skipping
Refreshing native plugins compatible for Editor in 0.59 ms, found 0 plugins.
Preloading 0 native plugins for Editor in 0.00 ms.
Unloading 1101 Unused Serialized files (Serialized files now loaded: 0)
System memory in use before: 57.1 MB.
System memory in use after: 57.2 MB.

Unloading 4 unused Assets to reduce memory usage. Loaded Objects now: 1553.
Total: 1.502700 ms (FindLiveObjects: 0.144600 ms CreateObjectMapping: 0.027300 ms MarkObjects: 1.311400 ms  DeleteObjects: 0.018500 ms)

========================================================================
Received Import Request.
  Time since last request: 279.012574 seconds.
  path: Assets/RW/Scripts/hayMachine.cs
  artifactKey: Guid(f5fbf02dc50656542875a1d761075280) Importer(815301076,1909f56bfc062723c751e8b465ee728b)
Start importing Assets/RW/Scripts/hayMachine.cs using Guid(f5fbf02dc50656542875a1d761075280) Importer(815301076,1909f56bfc062723c751e8b465ee728b)  -> (artifact id: '69d855a9dc43bbfe5e5cd476e3babc73') in 0.021220 seconds
  Import took 0.023328 seconds .

========================================================================
Received Import Request.
  Time since last request: 0.912495 seconds.
  path: Assets/RW/Scripts/hayMachine.cs
  artifactKey: Guid(f5fbf02dc50656542875a1d761075280) Importer(815301076,1909f56bfc062723c751e8b465ee728b)
Start importing Assets/RW/Scripts/hayMachine.cs using Guid(f5fbf02dc50656542875a1d761075280) Importer(815301076,1909f56bfc062723c751e8b465ee728b)  -> (artifact id: '69d855a9dc43bbfe5e5cd476e3babc73') in 0.004190 seconds
  Import took 0.008412 seconds .

========================================================================
Received Prepare
Registering precompiled user dll's ...
Registered in 0.000465 seconds.
Begin MonoManager ReloadAssembly
Native extension for WindowsStandalone target not found
Refreshing native plugins compatible for Editor in 0.25 ms, found 0 plugins.
Preloading 0 native plugins for Editor in 0.00 ms.
Invoked RoslynAnalysisRunner static constructor.
RoslynAnalysisRunner will not be running.
RoslynAnalysisRunner has terminated.
Mono: successfully reloaded assembly
- Completed reload, in  0.658 seconds
Platform modules already initialized, skipping
Refreshing native plugins compatible for Editor in 0.17 ms, found 0 plugins.
Preloading 0 native plugins for Editor in 0.00 ms.
Unloading 1101 Unused Serialized files (Serialized files now loaded: 0)
System memory in use before: 57.1 MB.
System memory in use after: 57.2 MB.

Unloading 4 unused Assets to reduce memory usage. Loaded Objects now: 1555.
Total: 1.479300 ms (FindLiveObjects: 0.170800 ms CreateObjectMapping: 0.027100 ms MarkObjects: 1.260700 ms  DeleteObjects: 0.018800 ms)

========================================================================
Received Import Request.
  Time since last request: 341.923278 seconds.
  path: Assets/RW/Scripts/hayMachine.cs
  artifactKey: Guid(f5fbf02dc50656542875a1d761075280) Importer(815301076,1909f56bfc062723c751e8b465ee728b)
Start importing Assets/RW/Scripts/hayMachine.cs using Guid(f5fbf02dc50656542875a1d761075280) Importer(815301076,1909f56bfc062723c751e8b465ee728b)  -> (artifact id: '6711b66d1197bc63394d13b8ac275bbf') in 0.015888 seconds
  Import took 0.017851 seconds .

========================================================================
Received Prepare
Registering precompiled user dll's ...
Registered in 0.000490 seconds.
Begin MonoManager ReloadAssembly
Native extension for WindowsStandalone target not found
Refreshing native plugins compatible for Editor in 0.41 ms, found 0 plugins.
Preloading 0 native plugins for Editor in 0.00 ms.
Invoked RoslynAnalysisRunner static constructor.
RoslynAnalysisRunner will not be running.
RoslynAnalysisRunner has terminated.
Mono: successfully reloaded assembly
- Completed reload, in  0.696 seconds
Platform modules already initialized, skipping
Refreshing native plugins compatible for Editor in 0.18 ms, found 0 plugins.
Preloading 0 native plugins for Editor in 0.00 ms.
Unloading 1101 Unused Serialized files (Serialized files now loaded: 0)
System memory in use before: 57.1 MB.
System memory in use after: 57.2 MB.

Unloading 4 unused Assets to reduce memory usage. Loaded Objects now: 1557.
Total: 2.030500 ms (FindLiveObjects: 0.143000 ms CreateObjectMapping: 0.054200 ms MarkObjects: 1.817900 ms  DeleteObjects: 0.014000 ms)

========================================================================
Received Prepare
Registering precompiled user dll's ...
Registered in 0.000514 seconds.
Begin MonoManager ReloadAssembly
Native extension for WindowsStandalone target not found
Refreshing native plugins compatible for Editor in 0.20 ms, found 0 plugins.
Preloading 0 native plugins for Editor in 0.00 ms.
Invoked RoslynAnalysisRunner static constructor.
RoslynAnalysisRunner will not be running.
RoslynAnalysisRunner has terminated.
Mono: successfully reloaded assembly
- Completed reload, in  0.599 seconds
Platform modules already initialized, skipping
Refreshing native plugins compatible for Editor in 0.15 ms, found 0 plugins.
Preloading 0 native plugins for Editor in 0.00 ms.
Unloading 1101 Unused Serialized files (Serialized files now loaded: 0)
System memory in use before: 57.2 MB.
System memory in use after: 57.3 MB.

Unloading 4 unused Assets to reduce memory usage. Loaded Objects now: 1559.
Total: 2.339700 ms (FindLiveObjects: 0.096900 ms CreateObjectMapping: 0.028300 ms MarkObjects: 2.160000 ms  DeleteObjects: 0.053000 ms)

========================================================================
Received Prepare
Registering precompiled user dll's ...
Registered in 0.001103 seconds.
Begin MonoManager ReloadAssembly
Native extension for WindowsStandalone target not found
Refreshing native plugins compatible for Editor in 0.19 ms, found 0 plugins.
Preloading 0 native plugins for Editor in 0.00 ms.
Invoked RoslynAnalysisRunner static constructor.
RoslynAnalysisRunner will not be running.
RoslynAnalysisRunner has terminated.
Mono: successfully reloaded assembly
- Completed reload, in  0.582 seconds
Platform modules already initialized, skipping
Refreshing native plugins compatible for Editor in 0.16 ms, found 0 plugins.
Preloading 0 native plugins for Editor in 0.00 ms.
Unloading 1101 Unused Serialized files (Serialized files now loaded: 0)
System memory in use before: 57.2 MB.
System memory in use after: 57.3 MB.

Unloading 4 unused Assets to reduce memory usage. Loaded Objects now: 1561.
Total: 2.091300 ms (FindLiveObjects: 0.222600 ms CreateObjectMapping: 0.032600 ms MarkObjects: 1.815800 ms  DeleteObjects: 0.018600 ms)

========================================================================
Received Prepare
Registering precompiled user dll's ...
Registered in 0.000446 seconds.
Begin MonoManager ReloadAssembly
Native extension for WindowsStandalone target not found
Refreshing native plugins compatible for Editor in 0.21 ms, found 0 plugins.
Preloading 0 native plugins for Editor in 0.00 ms.
Invoked RoslynAnalysisRunner static constructor.
RoslynAnalysisRunner will not be running.
RoslynAnalysisRunner has terminated.
Mono: successfully reloaded assembly
- Completed reload, in  0.598 seconds
Platform modules already initialized, skipping
Refreshing native plugins compatible for Editor in 0.20 ms, found 0 plugins.
Preloading 0 native plugins for Editor in 0.00 ms.
Unloading 1102 Unused Serialized files (Serialized files now loaded: 0)
System memory in use before: 57.2 MB.
System memory in use after: 57.3 MB.

Unloading 4 unused Assets to reduce memory usage. Loaded Objects now: 1564.
Total: 1.562900 ms (FindLiveObjects: 0.148100 ms CreateObjectMapping: 0.039600 ms MarkObjects: 1.360900 ms  DeleteObjects: 0.013300 ms)

========================================================================
Received Prepare
Registering precompiled user dll's ...
Registered in 0.000391 seconds.
Begin MonoManager ReloadAssembly
Native extension for WindowsStandalone target not found
Refreshing native plugins compatible for Editor in 0.35 ms, found 0 plugins.
Preloading 0 native plugins for Editor in 0.00 ms.
Invoked RoslynAnalysisRunner static constructor.
RoslynAnalysisRunner will not be running.
RoslynAnalysisRunner has terminated.
Mono: successfully reloaded assembly
- Completed reload, in  0.586 seconds
Platform modules already initialized, skipping
Refreshing native plugins compatible for Editor in 0.21 ms, found 0 plugins.
Preloading 0 native plugins for Editor in 0.00 ms.
Unloading 1102 Unused Serialized files (Serialized files now loaded: 0)
System memory in use before: 57.2 MB.
System memory in use after: 57.3 MB.

Unloading 4 unused Assets to reduce memory usage. Loaded Objects now: 1566.
Total: 1.431900 ms (FindLiveObjects: 0.225800 ms CreateObjectMapping: 0.019300 ms MarkObjects: 1.172500 ms  DeleteObjects: 0.013100 ms)

========================================================================
Received Prepare
Registering precompiled user dll's ...
Registered in 0.000408 seconds.
Begin MonoManager ReloadAssembly
Native extension for WindowsStandalone target not found
Refreshing native plugins compatible for Editor in 0.21 ms, found 0 plugins.
Preloading 0 native plugins for Editor in 0.00 ms.
Invoked RoslynAnalysisRunner static constructor.
RoslynAnalysisRunner will not be running.
RoslynAnalysisRunner has terminated.
Mono: successfully reloaded assembly
- Completed reload, in  0.598 seconds
Platform modules already initialized, skipping
Refreshing native plugins compatible for Editor in 0.66 ms, found 0 plugins.
Preloading 0 native plugins for Editor in 0.00 ms.
Unloading 1102 Unused Serialized files (Serialized files now loaded: 0)
System memory in use before: 57.2 MB.
System memory in use after: 57.3 MB.

Unloading 4 unused Assets to reduce memory usage. Loaded Objects now: 1568.
Total: 2.281000 ms (FindLiveObjects: 0.251800 ms CreateObjectMapping: 0.049900 ms MarkObjects: 1.959100 ms  DeleteObjects: 0.019100 ms)

========================================================================
Received Import Request.
  Time since last request: 434.287793 seconds.
  path: Assets/RW/Sounds
  artifactKey: Guid(77f857458f9d6364a9b5e5273cf0d862) Importer(815301076,1909f56bfc062723c751e8b465ee728b)
Start importing Assets/RW/Sounds using Guid(77f857458f9d6364a9b5e5273cf0d862) Importer(815301076,1909f56bfc062723c751e8b465ee728b)  -> (artifact id: '55c92597f8913f715d141efb18d623d2') in 0.017728 seconds
  Import took 0.019542 seconds .

========================================================================
Received Import Request.
  Time since last request: 0.030304 seconds.
  path: Assets/RW/Sounds/SheepDropped.wav
  artifactKey: Guid(d396aafd153ba394982f2aa1349363de) Importer(815301076,1909f56bfc062723c751e8b465ee728b)
Start importing Assets/RW/Sounds/SheepDropped.wav using Guid(d396aafd153ba394982f2aa1349363de) Importer(815301076,1909f56bfc062723c751e8b465ee728b)  -> (artifact id: '12bf38bd7d8a9a66b55abb71fdcbbc65') in 0.126620 seconds
  Import took 0.128427 seconds .

========================================================================
Received Import Request.
  Time since last request: 0.000362 seconds.
  path: Assets/RW/Sounds/SheepHit.wav
  artifactKey: Guid(e97ab3d76ee31794ba31802a0f2a719e) Importer(815301076,1909f56bfc062723c751e8b465ee728b)
Start importing Assets/RW/Sounds/SheepHit.wav using Guid(e97ab3d76ee31794ba31802a0f2a719e) Importer(815301076,1909f56bfc062723c751e8b465ee728b)  -> (artifact id: 'cc2217be075d32cee05bee2818a77c9b') in 0.033561 seconds
  Import took 0.035211 seconds .

========================================================================
Received Import Request.
  Time since last request: 0.000374 seconds.
  path: Assets/RW/Sounds/Shoot.wav
  artifactKey: Guid(afd9aad0b8c4b1141856b4808d8ea172) Importer(815301076,1909f56bfc062723c751e8b465ee728b)
Start importing Assets/RW/Sounds/Shoot.wav using Guid(afd9aad0b8c4b1141856b4808d8ea172) Importer(815301076,1909f56bfc062723c751e8b465ee728b)  -> (artifact id: 'b7b8cbd3478cf6ce663add4ac45af1cc') in 0.027496 seconds
  Import took 0.031150 seconds .

========================================================================
Received Import Request.
  Time since last request: 0.002399 seconds.
  path: Assets/RW/Sounds/Shoot.wav
  artifactKey: Guid(afd9aad0b8c4b1141856b4808d8ea172) Importer(815301076,1909f56bfc062723c751e8b465ee728b)
Start importing Assets/RW/Sounds/Shoot.wav using Guid(afd9aad0b8c4b1141856b4808d8ea172) Importer(815301076,1909f56bfc062723c751e8b465ee728b)  -> (artifact id: 'b7b8cbd3478cf6ce663add4ac45af1cc') in 0.011270 seconds
  Import took 0.013702 seconds .

========================================================================
Received Import Request.
  Time since last request: 4.087718 seconds.
  path: Assets/RW/Textures
  artifactKey: Guid(c7df95c15aafd0e459468ca77674708c) Importer(815301076,1909f56bfc062723c751e8b465ee728b)
Start importing Assets/RW/Textures using Guid(c7df95c15aafd0e459468ca77674708c) Importer(815301076,1909f56bfc062723c751e8b465ee728b)  -> (artifact id: '48b9a8b5453335e89e3c1ddf6fa66ba0') in 0.012985 seconds
  Import took 0.015243 seconds .

========================================================================
Received Import Request.
  Time since last request: 0.067369 seconds.
  path: Assets/RW/Textures/MaterialColors.png
  artifactKey: Guid(d4fdd9f191161b547bd649248a289040) Importer(815301076,1909f56bfc062723c751e8b465ee728b)
Start importing Assets/RW/Textures/MaterialColors.png using Guid(d4fdd9f191161b547bd649248a289040) Importer(815301076,1909f56bfc062723c751e8b465ee728b)  -> (artifact id: '2ba6b46a7f36c56e66bb8178e77222ea') in 0.039436 seconds
  Import took 0.041654 seconds .

========================================================================
Received Import Request.
  Time since last request: 14.253759 seconds.
  path: Assets/RW/Music
  artifactKey: Guid(d82704f7a93e8eb4b89aea6e732ff2d0) Importer(815301076,1909f56bfc062723c751e8b465ee728b)
Start importing Assets/RW/Music using Guid(d82704f7a93e8eb4b89aea6e732ff2d0) Importer(815301076,1909f56bfc062723c751e8b465ee728b)  -> (artifact id: '217c2a28b2631e69aea1b14d10fca5cd') in 0.015204 seconds
  Import took 0.017858 seconds .

========================================================================
Received Import Request.
  Time since last request: 0.028679 seconds.
  path: Assets/RW/Music/Flying Kerfuffle.mp3
  artifactKey: Guid(99b18eec24ce44a449fa10d357d31988) Importer(815301076,1909f56bfc062723c751e8b465ee728b)
Start importing Assets/RW/Music/Flying Kerfuffle.mp3 using Guid(99b18eec24ce44a449fa10d357d31988) Importer(815301076,1909f56bfc062723c751e8b465ee728b)  -> (artifact id: 'db4ae45c1a3b3862318e9da850ab155a') in 0.028891 seconds
  Import took 0.031072 seconds .

========================================================================
Received Import Request.
  Time since last request: 10.455961 seconds.
  path: Assets/RW/Sprites
  artifactKey: Guid(cccdc6ab4552339419a8cb11af03667a) Importer(815301076,1909f56bfc062723c751e8b465ee728b)
Start importing Assets/RW/Sprites using Guid(cccdc6ab4552339419a8cb11af03667a) Importer(815301076,1909f56bfc062723c751e8b465ee728b)  -> (artifact id: '8d7e4bf12aa73a83e7f578e243211d7f') in 0.012521 seconds
  Import took 0.014804 seconds .

========================================================================
Received Import Request.
  Time since last request: 0.075611 seconds.
  path: Assets/RW/Sprites/Sprites.png
  artifactKey: Guid(facfe732c6a2e9841b725dda303d05b0) Importer(815301076,1909f56bfc062723c751e8b465ee728b)
Start importing Assets/RW/Sprites/Sprites.png using Guid(facfe732c6a2e9841b725dda303d05b0) Importer(815301076,1909f56bfc062723c751e8b465ee728b)  -> (artifact id: '76a75e03778d4b0c19245f7fd40e17bd') in 0.039937 seconds
  Import took 0.042064 seconds .

========================================================================
Received Import Request.
  Time since last request: 2.333517 seconds.
  path: Assets/RW/Sprites/sheep.cs
  artifactKey: Guid(8c7d39e302235cf4f9160277122c473e) Importer(815301076,1909f56bfc062723c751e8b465ee728b)
Start importing Assets/RW/Sprites/sheep.cs using Guid(8c7d39e302235cf4f9160277122c473e) Importer(815301076,1909f56bfc062723c751e8b465ee728b)  -> (artifact id: '8baac7a503d53691190e66850a4d7b81') in 0.014163 seconds
  Import took 0.016766 seconds .

========================================================================
Received Import Request.
  Time since last request: 0.001313 seconds.
  path: Assets/RW/Sprites/sheep.cs
  artifactKey: Guid(8c7d39e302235cf4f9160277122c473e) Importer(815301076,1909f56bfc062723c751e8b465ee728b)
Start importing Assets/RW/Sprites/sheep.cs using Guid(8c7d39e302235cf4f9160277122c473e) Importer(815301076,1909f56bfc062723c751e8b465ee728b)  -> (artifact id: '8baac7a503d53691190e66850a4d7b81') in 0.002747 seconds
  Import took 0.004620 seconds .

========================================================================
Received Prepare
Registering precompiled user dll's ...
Registered in 0.000415 seconds.
Begin MonoManager ReloadAssembly
Native extension for WindowsStandalone target not found
Refreshing native plugins compatible for Editor in 0.23 ms, found 0 plugins.
Preloading 0 native plugins for Editor in 0.00 ms.
Invoked RoslynAnalysisRunner static constructor.
RoslynAnalysisRunner will not be running.
RoslynAnalysisRunner has terminated.
Mono: successfully reloaded assembly
- Completed reload, in  0.561 seconds
Platform modules already initialized, skipping
Refreshing native plugins compatible for Editor in 0.24 ms, found 0 plugins.
Preloading 0 native plugins for Editor in 0.00 ms.
Unloading 1102 Unused Serialized files (Serialized files now loaded: 0)
System memory in use before: 60.4 MB.
System memory in use after: 60.5 MB.

Unloading 5 unused Assets to reduce memory usage. Loaded Objects now: 1583.
Total: 1.567700 ms (FindLiveObjects: 0.217000 ms CreateObjectMapping: 0.113900 ms MarkObjects: 1.217000 ms  DeleteObjects: 0.019100 ms)

========================================================================
Received Prepare
Registering precompiled user dll's ...
Registered in 0.000425 seconds.
Begin MonoManager ReloadAssembly
Native extension for WindowsStandalone target not found
Refreshing native plugins compatible for Editor in 0.20 ms, found 0 plugins.
Preloading 0 native plugins for Editor in 0.00 ms.
Invoked RoslynAnalysisRunner static constructor.
RoslynAnalysisRunner will not be running.
RoslynAnalysisRunner has terminated.
Mono: successfully reloaded assembly
- Completed reload, in  0.549 seconds
Platform modules already initialized, skipping
Refreshing native plugins compatible for Editor in 0.21 ms, found 0 plugins.
Preloading 0 native plugins for Editor in 0.00 ms.
Unloading 1102 Unused Serialized files (Serialized files now loaded: 0)
System memory in use before: 60.4 MB.
System memory in use after: 60.5 MB.

Unloading 4 unused Assets to reduce memory usage. Loaded Objects now: 1585.
Total: 1.689300 ms (FindLiveObjects: 0.154800 ms CreateObjectMapping: 0.028100 ms MarkObjects: 1.489600 ms  DeleteObjects: 0.015200 ms)

========================================================================
Received Import Request.
  Time since last request: 215.409259 seconds.
  path: ProjectSettings/TagManager.asset
  artifactKey: Guid(00000000000000003000000000000000) Importer(815301076,1909f56bfc062723c751e8b465ee728b)
Start importing ProjectSettings/TagManager.asset using Guid(00000000000000003000000000000000) Importer(815301076,1909f56bfc062723c751e8b465ee728b)  -> (artifact id: 'b7b963e51bd6f0cf06903e390310c6ce') in 0.020560 seconds
  Import took 0.022723 seconds .

========================================================================
Received Import Request.
  Time since last request: 23.082322 seconds.
  path: Assets/RW/Prefabs/HayBale.prefab
  artifactKey: Guid(6176eb3a118078e43a3a274d71f90aea) Importer(815301076,1909f56bfc062723c751e8b465ee728b)
Start importing Assets/RW/Prefabs/HayBale.prefab using Guid(6176eb3a118078e43a3a274d71f90aea) Importer(815301076,1909f56bfc062723c751e8b465ee728b)  -> (artifact id: '755deca1b896edf31342c0db13183e93') in 0.075471 seconds
  Import took 0.077876 seconds .

========================================================================
Received Prepare
Registering precompiled user dll's ...
Registered in 0.001279 seconds.
Begin MonoManager ReloadAssembly
Native extension for WindowsStandalone target not found
Refreshing native plugins compatible for Editor in 0.31 ms, found 0 plugins.
Preloading 0 native plugins for Editor in 0.00 ms.
Invoked RoslynAnalysisRunner static constructor.
RoslynAnalysisRunner will not be running.
RoslynAnalysisRunner has terminated.
Mono: successfully reloaded assembly
- Completed reload, in  0.617 seconds
Platform modules already initialized, skipping
Refreshing native plugins compatible for Editor in 0.20 ms, found 0 plugins.
Preloading 0 native plugins for Editor in 0.00 ms.
Unloading 1102 Unused Serialized files (Serialized files now loaded: 0)
System memory in use before: 60.5 MB.
System memory in use after: 60.6 MB.

Unloading 5 unused Assets to reduce memory usage. Loaded Objects now: 1588.
Total: 2.181200 ms (FindLiveObjects: 0.119900 ms CreateObjectMapping: 0.021700 ms MarkObjects: 2.021200 ms  DeleteObjects: 0.017100 ms)

========================================================================
Received Prepare
Registering precompiled user dll's ...
Registered in 0.000646 seconds.
Begin MonoManager ReloadAssembly
Native extension for WindowsStandalone target not found
Refreshing native plugins compatible for Editor in 0.19 ms, found 0 plugins.
Preloading 0 native plugins for Editor in 0.00 ms.
Invoked RoslynAnalysisRunner static constructor.
RoslynAnalysisRunner will not be running.
RoslynAnalysisRunner has terminated.
Mono: successfully reloaded assembly
- Completed reload, in  0.559 seconds
Platform modules already initialized, skipping
Refreshing native plugins compatible for Editor in 0.21 ms, found 0 plugins.
Preloading 0 native plugins for Editor in 0.00 ms.
Unloading 1102 Unused Serialized files (Serialized files now loaded: 0)
System memory in use before: 60.5 MB.
System memory in use after: 60.6 MB.

Unloading 4 unused Assets to reduce memory usage. Loaded Objects now: 1590.
Total: 1.606400 ms (FindLiveObjects: 0.179900 ms CreateObjectMapping: 0.046500 ms MarkObjects: 1.355700 ms  DeleteObjects: 0.022500 ms)

========================================================================
Received Prepare
Registering precompiled user dll's ...
Registered in 0.000873 seconds.
Begin MonoManager ReloadAssembly
Native extension for WindowsStandalone target not found
Refreshing native plugins compatible for Editor in 0.27 ms, found 0 plugins.
Preloading 0 native plugins for Editor in 0.00 ms.
Invoked RoslynAnalysisRunner static constructor.
RoslynAnalysisRunner will not be running.
RoslynAnalysisRunner has terminated.
Mono: successfully reloaded assembly
- Completed reload, in  0.644 seconds
Platform modules already initialized, skipping
Refreshing native plugins compatible for Editor in 0.20 ms, found 0 plugins.
Preloading 0 native plugins for Editor in 0.00 ms.
Unloading 1102 Unused Serialized files (Serialized files now loaded: 0)
System memory in use before: 60.5 MB.
System memory in use after: 60.6 MB.

Unloading 4 unused Assets to reduce memory usage. Loaded Objects now: 1592.
Total: 1.544600 ms (FindLiveObjects: 0.105500 ms CreateObjectMapping: 0.019300 ms MarkObjects: 1.389200 ms  DeleteObjects: 0.023200 ms)

========================================================================
Received Import Request.
  Time since last request: 344.280174 seconds.
  path: Assets/RW/Prefabs/HayBale.prefab
  artifactKey: Guid(6176eb3a118078e43a3a274d71f90aea) Importer(815301076,1909f56bfc062723c751e8b465ee728b)
Start importing Assets/RW/Prefabs/HayBale.prefab using Guid(6176eb3a118078e43a3a274d71f90aea) Importer(815301076,1909f56bfc062723c751e8b465ee728b)  -> (artifact id: '3d57e9f2ef2b33f8fe85f32d83b6cd75') in 0.073859 seconds
  Import took 0.076172 seconds .

========================================================================
Received Prepare
Registering precompiled user dll's ...
Registered in 0.000642 seconds.
Begin MonoManager ReloadAssembly
Native extension for WindowsStandalone target not found
Refreshing native plugins compatible for Editor in 0.19 ms, found 0 plugins.
Preloading 0 native plugins for Editor in 0.00 ms.
Invoked RoslynAnalysisRunner static constructor.
RoslynAnalysisRunner will not be running.
RoslynAnalysisRunner has terminated.
Mono: successfully reloaded assembly
- Completed reload, in  0.605 seconds
Platform modules already initialized, skipping
Refreshing native plugins compatible for Editor in 0.19 ms, found 0 plugins.
Preloading 0 native plugins for Editor in 0.00 ms.
Unloading 1102 Unused Serialized files (Serialized files now loaded: 0)
System memory in use before: 60.5 MB.
System memory in use after: 60.6 MB.

Unloading 4 unused Assets to reduce memory usage. Loaded Objects now: 1595.
Total: 1.662100 ms (FindLiveObjects: 0.162600 ms CreateObjectMapping: 0.019600 ms MarkObjects: 1.458100 ms  DeleteObjects: 0.019800 ms)

========================================================================
Received Prepare
Registering precompiled user dll's ...
Registered in 0.000448 seconds.
Begin MonoManager ReloadAssembly
Native extension for WindowsStandalone target not found
Refreshing native plugins compatible for Editor in 0.20 ms, found 0 plugins.
Preloading 0 native plugins for Editor in 0.00 ms.
Invoked RoslynAnalysisRunner static constructor.
RoslynAnalysisRunner will not be running.
RoslynAnalysisRunner has terminated.
Mono: successfully reloaded assembly
- Completed reload, in  0.638 seconds
Platform modules already initialized, skipping
Refreshing native plugins compatible for Editor in 0.17 ms, found 0 plugins.
Preloading 0 native plugins for Editor in 0.00 ms.
Unloading 1102 Unused Serialized files (Serialized files now loaded: 0)
System memory in use before: 60.5 MB.
System memory in use after: 60.6 MB.

Unloading 4 unused Assets to reduce memory usage. Loaded Objects now: 1597.
Total: 1.636400 ms (FindLiveObjects: 0.153100 ms CreateObjectMapping: 0.021300 ms MarkObjects: 1.441100 ms  DeleteObjects: 0.019700 ms)

========================================================================
Received Import Request.
  Time since last request: 138.853934 seconds.
  path: Assets/RW/Prefabs/HayBale.prefab
  artifactKey: Guid(6176eb3a118078e43a3a274d71f90aea) Importer(815301076,1909f56bfc062723c751e8b465ee728b)
Start importing Assets/RW/Prefabs/HayBale.prefab using Guid(6176eb3a118078e43a3a274d71f90aea) Importer(815301076,1909f56bfc062723c751e8b465ee728b)  -> (artifact id: '5f281ad8e1aeced54ea68db267b0542f') in 0.046777 seconds
  Import took 0.048964 seconds .

========================================================================
Received Import Request.
  Time since last request: 2.544109 seconds.
  path: Assets/RW/Prefabs/HayBale.prefab
  artifactKey: Guid(6176eb3a118078e43a3a274d71f90aea) Importer(815301076,1909f56bfc062723c751e8b465ee728b)
Start importing Assets/RW/Prefabs/HayBale.prefab using Guid(6176eb3a118078e43a3a274d71f90aea) Importer(815301076,1909f56bfc062723c751e8b465ee728b)  -> (artifact id: '0c844b0a82d5bb0a412c8527d7c817b4') in 0.015599 seconds
  Import took 0.017537 seconds .

========================================================================
Received Import Request.
  Time since last request: 0.609238 seconds.
  path: Assets/RW/Prefabs/HayBale.prefab
  artifactKey: Guid(6176eb3a118078e43a3a274d71f90aea) Importer(815301076,1909f56bfc062723c751e8b465ee728b)
Start importing Assets/RW/Prefabs/HayBale.prefab using Guid(6176eb3a118078e43a3a274d71f90aea) Importer(815301076,1909f56bfc062723c751e8b465ee728b)  -> (artifact id: 'a4d7b37fa3be41f9c0eb55d63c6a888a') in 0.014373 seconds
  Import took 0.018659 seconds .

========================================================================
Received Import Request.
  Time since last request: 17.761815 seconds.
  path: Assets/RW/Prefabs/HayBale.prefab
  artifactKey: Guid(6176eb3a118078e43a3a274d71f90aea) Importer(815301076,1909f56bfc062723c751e8b465ee728b)
Start importing Assets/RW/Prefabs/HayBale.prefab using Guid(6176eb3a118078e43a3a274d71f90aea) Importer(815301076,1909f56bfc062723c751e8b465ee728b)  -> (artifact id: '5555c74547af34d4bf3ef562392cbde1') in 0.010792 seconds
  Import took 0.012971 seconds .

========================================================================
Received Import Request.
  Time since last request: 1.597009 seconds.
  path: Assets/RW/Prefabs/HayBale.prefab
  artifactKey: Guid(6176eb3a118078e43a3a274d71f90aea) Importer(815301076,1909f56bfc062723c751e8b465ee728b)
Start importing Assets/RW/Prefabs/HayBale.prefab using Guid(6176eb3a118078e43a3a274d71f90aea) Importer(815301076,1909f56bfc062723c751e8b465ee728b)  -> (artifact id: 'bb88c6c775cba0fcb8c19ad526401c2c') in 0.013783 seconds
  Import took 0.016159 seconds .

========================================================================
Received Prepare
Registering precompiled user dll's ...
Registered in 0.000505 seconds.
Begin MonoManager ReloadAssembly
Native extension for WindowsStandalone target not found
Refreshing native plugins compatible for Editor in 0.20 ms, found 0 plugins.
Preloading 0 native plugins for Editor in 0.00 ms.
Invoked RoslynAnalysisRunner static constructor.
RoslynAnalysisRunner will not be running.
RoslynAnalysisRunner has terminated.
Mono: successfully reloaded assembly
- Completed reload, in  0.596 seconds
Platform modules already initialized, skipping
Refreshing native plugins compatible for Editor in 0.17 ms, found 0 plugins.
Preloading 0 native plugins for Editor in 0.00 ms.
Unloading 1102 Unused Serialized files (Serialized files now loaded: 0)
System memory in use before: 60.5 MB.
System memory in use after: 60.6 MB.

Unloading 4 unused Assets to reduce memory usage. Loaded Objects now: 1600.
Total: 1.679100 ms (FindLiveObjects: 0.161300 ms CreateObjectMapping: 0.063700 ms MarkObjects: 1.438000 ms  DeleteObjects: 0.014600 ms)

========================================================================
Received Import Request.
  Time since last request: 24.044711 seconds.
  path: Assets/RW/Prefabs/HayBale.prefab
  artifactKey: Guid(6176eb3a118078e43a3a274d71f90aea) Importer(815301076,1909f56bfc062723c751e8b465ee728b)
Start importing Assets/RW/Prefabs/HayBale.prefab using Guid(6176eb3a118078e43a3a274d71f90aea) Importer(815301076,1909f56bfc062723c751e8b465ee728b)  -> (artifact id: '429f647610e69ee74ee7b76fb39307ed') in 0.044218 seconds
  Import took 0.046588 seconds .

========================================================================
Received Import Request.
  Time since last request: 1.040534 seconds.
  path: Assets/RW/Prefabs/HayBale.prefab
  artifactKey: Guid(6176eb3a118078e43a3a274d71f90aea) Importer(815301076,1909f56bfc062723c751e8b465ee728b)
Start importing Assets/RW/Prefabs/HayBale.prefab using Guid(6176eb3a118078e43a3a274d71f90aea) Importer(815301076,1909f56bfc062723c751e8b465ee728b)  -> (artifact id: '0ead4af5f91e2faf90514ebb681728a7') in 0.012675 seconds
  Import took 0.014850 seconds .

========================================================================
Received Prepare
Registering precompiled user dll's ...
Registered in 0.000481 seconds.
Begin MonoManager ReloadAssembly
Native extension for WindowsStandalone target not found
Refreshing native plugins compatible for Editor in 0.24 ms, found 0 plugins.
Preloading 0 native plugins for Editor in 0.00 ms.
Invoked RoslynAnalysisRunner static constructor.
RoslynAnalysisRunner will not be running.
RoslynAnalysisRunner has terminated.
Mono: successfully reloaded assembly
- Completed reload, in  0.619 seconds
Platform modules already initialized, skipping
Refreshing native plugins compatible for Editor in 0.17 ms, found 0 plugins.
Preloading 0 native plugins for Editor in 0.00 ms.
Unloading 1102 Unused Serialized files (Serialized files now loaded: 0)
System memory in use before: 60.5 MB.
System memory in use after: 60.6 MB.

Unloading 4 unused Assets to reduce memory usage. Loaded Objects now: 1603.
Total: 1.421700 ms (FindLiveObjects: 0.142300 ms CreateObjectMapping: 0.023300 ms MarkObjects: 1.231200 ms  DeleteObjects: 0.024000 ms)

========================================================================
Received Import Request.
  Time since last request: 65.554882 seconds.
  path: Assets/RW/Prefabs/Sheep.prefab
  artifactKey: Guid(4d246bd4e83cf9f45848ce124ce4301d) Importer(815301076,1909f56bfc062723c751e8b465ee728b)
Start importing Assets/RW/Prefabs/Sheep.prefab using Guid(4d246bd4e83cf9f45848ce124ce4301d) Importer(815301076,1909f56bfc062723c751e8b465ee728b)  -> (artifact id: '7b5b20619c780195175dd92cd89c5e43') in 0.056510 seconds
  Import took 0.059014 seconds .

========================================================================
Received Import Request.
  Time since last request: 0.022598 seconds.
  path: Assets/RW/Prefabs/Sheep.prefab
  artifactKey: Guid(4d246bd4e83cf9f45848ce124ce4301d) Importer(815301076,1909f56bfc062723c751e8b465ee728b)
Start importing Assets/RW/Prefabs/Sheep.prefab using Guid(4d246bd4e83cf9f45848ce124ce4301d) Importer(815301076,1909f56bfc062723c751e8b465ee728b)  -> (artifact id: '7b5b20619c780195175dd92cd89c5e43') in 0.014431 seconds
  Import took 0.017050 seconds .

========================================================================
Received Prepare
Registering precompiled user dll's ...
Registered in 0.000504 seconds.
Begin MonoManager ReloadAssembly
Native extension for WindowsStandalone target not found
Refreshing native plugins compatible for Editor in 0.32 ms, found 0 plugins.
Preloading 0 native plugins for Editor in 0.00 ms.
Invoked RoslynAnalysisRunner static constructor.
RoslynAnalysisRunner will not be running.
RoslynAnalysisRunner has terminated.
Mono: successfully reloaded assembly
- Completed reload, in  0.601 seconds
Platform modules already initialized, skipping
Refreshing native plugins compatible for Editor in 0.23 ms, found 0 plugins.
Preloading 0 native plugins for Editor in 0.00 ms.
Unloading 1102 Unused Serialized files (Serialized files now loaded: 0)
System memory in use before: 60.5 MB.
System memory in use after: 60.6 MB.

Unloading 4 unused Assets to reduce memory usage. Loaded Objects now: 1606.
Total: 1.516300 ms (FindLiveObjects: 0.162700 ms CreateObjectMapping: 0.019800 ms MarkObjects: 1.316600 ms  DeleteObjects: 0.015800 ms)

========================================================================
Received Import Request.
  Time since last request: 315.542829 seconds.
  path: ProjectSettings/TagManager.asset
  artifactKey: Guid(00000000000000003000000000000000) Importer(815301076,1909f56bfc062723c751e8b465ee728b)
Start importing ProjectSettings/TagManager.asset using Guid(00000000000000003000000000000000) Importer(815301076,1909f56bfc062723c751e8b465ee728b)  -> (artifact id: 'eb7d060d7c8c9e2f99e899b05e18415e') in 0.013501 seconds
  Import took 0.015937 seconds .

========================================================================
Received Prepare
Registering precompiled user dll's ...
Registered in 0.000436 seconds.
Begin MonoManager ReloadAssembly
Native extension for WindowsStandalone target not found
Refreshing native plugins compatible for Editor in 0.20 ms, found 0 plugins.
Preloading 0 native plugins for Editor in 0.00 ms.
Invoked RoslynAnalysisRunner static constructor.
RoslynAnalysisRunner will not be running.
RoslynAnalysisRunner has terminated.
Mono: successfully reloaded assembly
- Completed reload, in  0.646 seconds
Platform modules already initialized, skipping
Refreshing native plugins compatible for Editor in 0.19 ms, found 0 plugins.
Preloading 0 native plugins for Editor in 0.00 ms.
Unloading 1102 Unused Serialized files (Serialized files now loaded: 0)
System memory in use before: 60.5 MB.
System memory in use after: 60.6 MB.

Unloading 5 unused Assets to reduce memory usage. Loaded Objects now: 1608.
Total: 2.456500 ms (FindLiveObjects: 0.307600 ms CreateObjectMapping: 0.038700 ms MarkObjects: 2.091200 ms  DeleteObjects: 0.017000 ms)

========================================================================
Received Import Request.
  Time since last request: 572.722037 seconds.
  path: Assets/RW/Prefabs/Sheep.prefab
  artifactKey: Guid(4d246bd4e83cf9f45848ce124ce4301d) Importer(815301076,1909f56bfc062723c751e8b465ee728b)
Start importing Assets/RW/Prefabs/Sheep.prefab using Guid(4d246bd4e83cf9f45848ce124ce4301d) Importer(815301076,1909f56bfc062723c751e8b465ee728b)  -> (artifact id: 'dd7f028ceaf8fcc27caf948c6654d331') in 0.083168 seconds
  Import took 0.085103 seconds .

========================================================================
Received Import Request.
  Time since last request: 7.305459 seconds.
  path: Assets/RW/Prefabs/Sheep.prefab
  artifactKey: Guid(4d246bd4e83cf9f45848ce124ce4301d) Importer(815301076,1909f56bfc062723c751e8b465ee728b)
Start importing Assets/RW/Prefabs/Sheep.prefab using Guid(4d246bd4e83cf9f45848ce124ce4301d) Importer(815301076,1909f56bfc062723c751e8b465ee728b)  -> (artifact id: 'a040ebb7670df706099a83dec9ad7abe') in 0.018845 seconds
  Import took 0.021403 seconds .

========================================================================
Received Prepare
Registering precompiled user dll's ...
Registered in 0.000485 seconds.
Begin MonoManager ReloadAssembly
Native extension for WindowsStandalone target not found
Refreshing native plugins compatible for Editor in 0.21 ms, found 0 plugins.
Preloading 0 native plugins for Editor in 0.00 ms.
Invoked RoslynAnalysisRunner static constructor.
RoslynAnalysisRunner will not be running.
RoslynAnalysisRunner has terminated.
Mono: successfully reloaded assembly
- Completed reload, in  0.558 seconds
Platform modules already initialized, skipping
Refreshing native plugins compatible for Editor in 0.22 ms, found 0 plugins.
Preloading 0 native plugins for Editor in 0.00 ms.
Unloading 1102 Unused Serialized files (Serialized files now loaded: 0)
System memory in use before: 60.5 MB.
System memory in use after: 60.6 MB.

Unloading 4 unused Assets to reduce memory usage. Loaded Objects now: 1611.
Total: 1.431700 ms (FindLiveObjects: 0.155800 ms CreateObjectMapping: 0.064800 ms MarkObjects: 1.190900 ms  DeleteObjects: 0.013800 ms)

========================================================================
Received Prepare
Registering precompiled user dll's ...
Registered in 0.000559 seconds.
Begin MonoManager ReloadAssembly
Native extension for WindowsStandalone target not found
Refreshing native plugins compatible for Editor in 0.24 ms, found 0 plugins.
Preloading 0 native plugins for Editor in 0.00 ms.
Invoked RoslynAnalysisRunner static constructor.
RoslynAnalysisRunner will not be running.
RoslynAnalysisRunner has terminated.
Mono: successfully reloaded assembly
- Completed reload, in  0.679 seconds
Platform modules already initialized, skipping
Refreshing native plugins compatible for Editor in 0.22 ms, found 0 plugins.
Preloading 0 native plugins for Editor in 0.00 ms.
Unloading 1102 Unused Serialized files (Serialized files now loaded: 0)
System memory in use before: 60.5 MB.
System memory in use after: 60.6 MB.

Unloading 4 unused Assets to reduce memory usage. Loaded Objects now: 1613.
Total: 2.064200 ms (FindLiveObjects: 0.340100 ms CreateObjectMapping: 0.084100 ms MarkObjects: 1.623700 ms  DeleteObjects: 0.014000 ms)

========================================================================
Received Prepare
Registering precompiled user dll's ...
Registered in 0.000541 seconds.
Begin MonoManager ReloadAssembly
Native extension for WindowsStandalone target not found
Refreshing native plugins compatible for Editor in 0.24 ms, found 0 plugins.
Preloading 0 native plugins for Editor in 0.00 ms.
Invoked RoslynAnalysisRunner static constructor.
RoslynAnalysisRunner will not be running.
RoslynAnalysisRunner has terminated.
Mono: successfully reloaded assembly
- Completed reload, in  0.567 seconds
Platform modules already initialized, skipping
Refreshing native plugins compatible for Editor in 0.25 ms, found 0 plugins.
Preloading 0 native plugins for Editor in 0.00 ms.
Unloading 1102 Unused Serialized files (Serialized files now loaded: 0)
System memory in use before: 60.5 MB.
System memory in use after: 60.6 MB.

Unloading 4 unused Assets to reduce memory usage. Loaded Objects now: 1615.
Total: 1.449100 ms (FindLiveObjects: 0.093500 ms CreateObjectMapping: 0.020600 ms MarkObjects: 1.319800 ms  DeleteObjects: 0.014400 ms)

========================================================================
Received Prepare
Registering precompiled user dll's ...
Registered in 0.000474 seconds.
Begin MonoManager ReloadAssembly
Native extension for WindowsStandalone target not found
Refreshing native plugins compatible for Editor in 0.21 ms, found 0 plugins.
Preloading 0 native plugins for Editor in 0.00 ms.
Invoked RoslynAnalysisRunner static constructor.
RoslynAnalysisRunner will not be running.
RoslynAnalysisRunner has terminated.
Mono: successfully reloaded assembly
- Completed reload, in  0.617 seconds
Platform modules already initialized, skipping
Refreshing native plugins compatible for Editor in 0.18 ms, found 0 plugins.
Preloading 0 native plugins for Editor in 0.00 ms.
Unloading 1102 Unused Serialized files (Serialized files now loaded: 0)
System memory in use before: 60.5 MB.
System memory in use after: 60.7 MB.

Unloading 4 unused Assets to reduce memory usage. Loaded Objects now: 1617.
Total: 1.698100 ms (FindLiveObjects: 0.206900 ms CreateObjectMapping: 0.028900 ms MarkObjects: 1.443500 ms  DeleteObjects: 0.017500 ms)

========================================================================
Received Prepare
Registering precompiled user dll's ...
Registered in 0.000441 seconds.
Begin MonoManager ReloadAssembly
Native extension for WindowsStandalone target not found
Refreshing native plugins compatible for Editor in 0.20 ms, found 0 plugins.
Preloading 0 native plugins for Editor in 0.00 ms.
Invoked RoslynAnalysisRunner static constructor.
RoslynAnalysisRunner will not be running.
RoslynAnalysisRunner has terminated.
Mono: successfully reloaded assembly
- Completed reload, in  0.581 seconds
Platform modules already initialized, skipping
Refreshing native plugins compatible for Editor in 0.23 ms, found 0 plugins.
Preloading 0 native plugins for Editor in 0.00 ms.
Unloading 1102 Unused Serialized files (Serialized files now loaded: 0)
System memory in use before: 60.6 MB.
System memory in use after: 60.7 MB.

Unloading 4 unused Assets to reduce memory usage. Loaded Objects now: 1619.
Total: 1.747300 ms (FindLiveObjects: 0.123600 ms CreateObjectMapping: 0.024800 ms MarkObjects: 1.577500 ms  DeleteObjects: 0.020400 ms)

========================================================================
Received Prepare
Registering precompiled user dll's ...
Registered in 0.000380 seconds.
Begin MonoManager ReloadAssembly
Native extension for WindowsStandalone target not found
Refreshing native plugins compatible for Editor in 0.21 ms, found 0 plugins.
Preloading 0 native plugins for Editor in 0.00 ms.
Invoked RoslynAnalysisRunner static constructor.
RoslynAnalysisRunner will not be running.
RoslynAnalysisRunner has terminated.
Mono: successfully reloaded assembly
- Completed reload, in  0.558 seconds
Platform modules already initialized, skipping
Refreshing native plugins compatible for Editor in 0.19 ms, found 0 plugins.
Preloading 0 native plugins for Editor in 0.00 ms.
Unloading 1102 Unused Serialized files (Serialized files now loaded: 0)
System memory in use before: 60.6 MB.
System memory in use after: 60.7 MB.

Unloading 4 unused Assets to reduce memory usage. Loaded Objects now: 1621.
Total: 1.250300 ms (FindLiveObjects: 0.104400 ms CreateObjectMapping: 0.019300 ms MarkObjects: 1.105200 ms  DeleteObjects: 0.019800 ms)

========================================================================
Received Prepare
Registering precompiled user dll's ...
Registered in 0.000612 seconds.
Begin MonoManager ReloadAssembly
Native extension for WindowsStandalone target not found
Refreshing native plugins compatible for Editor in 0.31 ms, found 0 plugins.
Preloading 0 native plugins for Editor in 0.00 ms.
Invoked RoslynAnalysisRunner static constructor.
RoslynAnalysisRunner will not be running.
RoslynAnalysisRunner has terminated.
Mono: successfully reloaded assembly
- Completed reload, in  0.728 seconds
Platform modules already initialized, skipping
Refreshing native plugins compatible for Editor in 0.24 ms, found 0 plugins.
Preloading 0 native plugins for Editor in 0.00 ms.
Unloading 1102 Unused Serialized files (Serialized files now loaded: 0)
System memory in use before: 60.6 MB.
System memory in use after: 60.7 MB.

Unloading 4 unused Assets to reduce memory usage. Loaded Objects now: 1623.
Total: 1.554600 ms (FindLiveObjects: 0.184900 ms CreateObjectMapping: 0.025000 ms MarkObjects: 1.315100 ms  DeleteObjects: 0.029000 ms)

========================================================================
Received Prepare
Registering precompiled user dll's ...
Registered in 0.000394 seconds.
Begin MonoManager ReloadAssembly
Native extension for WindowsStandalone target not found
Refreshing native plugins compatible for Editor in 0.20 ms, found 0 plugins.
Preloading 0 native plugins for Editor in 0.00 ms.
Invoked RoslynAnalysisRunner static constructor.
RoslynAnalysisRunner will not be running.
RoslynAnalysisRunner has terminated.
Mono: successfully reloaded assembly
- Completed reload, in  0.586 seconds
Platform modules already initialized, skipping
Refreshing native plugins compatible for Editor in 0.27 ms, found 0 plugins.
Preloading 0 native plugins for Editor in 0.00 ms.
Unloading 1103 Unused Serialized files (Serialized files now loaded: 0)
System memory in use before: 60.6 MB.
System memory in use after: 60.7 MB.

Unloading 4 unused Assets to reduce memory usage. Loaded Objects now: 1626.
Total: 1.506600 ms (FindLiveObjects: 0.154800 ms CreateObjectMapping: 0.020900 ms MarkObjects: 1.313400 ms  DeleteObjects: 0.016100 ms)

========================================================================
Received Prepare
Registering precompiled user dll's ...
Registered in 0.000446 seconds.
Begin MonoManager ReloadAssembly
Native extension for WindowsStandalone target not found
Refreshing native plugins compatible for Editor in 0.19 ms, found 0 plugins.
Preloading 0 native plugins for Editor in 0.00 ms.
Invoked RoslynAnalysisRunner static constructor.
RoslynAnalysisRunner will not be running.
RoslynAnalysisRunner has terminated.
Mono: successfully reloaded assembly
- Completed reload, in  0.648 seconds
Platform modules already initialized, skipping
Refreshing native plugins compatible for Editor in 0.19 ms, found 0 plugins.
Preloading 0 native plugins for Editor in 0.00 ms.
Unloading 1103 Unused Serialized files (Serialized files now loaded: 0)
System memory in use before: 60.6 MB.
System memory in use after: 60.7 MB.

Unloading 4 unused Assets to reduce memory usage. Loaded Objects now: 1628.
Total: 1.446000 ms (FindLiveObjects: 0.117300 ms CreateObjectMapping: 0.020600 ms MarkObjects: 1.273200 ms  DeleteObjects: 0.033800 ms)

========================================================================
Received Import Request.
  Time since last request: 514.993707 seconds.
  path: Assets/RW/Sprites/sheepSpawner.cs
  artifactKey: Guid(91a99faad454a71479a8498e60efb95f) Importer(815301076,1909f56bfc062723c751e8b465ee728b)
Start importing Assets/RW/Sprites/sheepSpawner.cs using Guid(91a99faad454a71479a8498e60efb95f) Importer(815301076,1909f56bfc062723c751e8b465ee728b)  -> (artifact id: 'e1ff785a82d6fe6a6f3a008753037409') in 0.015886 seconds
  Import took 0.017855 seconds .

========================================================================
Received Import Request.
  Time since last request: 0.000449 seconds.
  path: Assets/RW/Sprites/sheepSpawner.cs
  artifactKey: Guid(91a99faad454a71479a8498e60efb95f) Importer(815301076,1909f56bfc062723c751e8b465ee728b)
Start importing Assets/RW/Sprites/sheepSpawner.cs using Guid(91a99faad454a71479a8498e60efb95f) Importer(815301076,1909f56bfc062723c751e8b465ee728b)  -> (artifact id: 'e1ff785a82d6fe6a6f3a008753037409') in 0.002560 seconds
  Import took 0.004428 seconds .

========================================================================
Received Prepare
Registering precompiled user dll's ...
Registered in 0.000394 seconds.
Begin MonoManager ReloadAssembly
Native extension for WindowsStandalone target not found
Refreshing native plugins compatible for Editor in 0.19 ms, found 0 plugins.
Preloading 0 native plugins for Editor in 0.00 ms.
Invoked RoslynAnalysisRunner static constructor.
RoslynAnalysisRunner will not be running.
RoslynAnalysisRunner has terminated.
Mono: successfully reloaded assembly
- Completed reload, in  0.596 seconds
Platform modules already initialized, skipping
Refreshing native plugins compatible for Editor in 0.17 ms, found 0 plugins.
Preloading 0 native plugins for Editor in 0.00 ms.
Unloading 1103 Unused Serialized files (Serialized files now loaded: 0)
System memory in use before: 60.6 MB.
System memory in use after: 60.7 MB.

Unloading 4 unused Assets to reduce memory usage. Loaded Objects now: 1630.
Total: 1.364800 ms (FindLiveObjects: 0.133900 ms CreateObjectMapping: 0.039200 ms MarkObjects: 1.177600 ms  DeleteObjects: 0.013300 ms)

========================================================================
Received Prepare
Registering precompiled user dll's ...
Registered in 0.000568 seconds.
Begin MonoManager ReloadAssembly
Native extension for WindowsStandalone target not found
Refreshing native plugins compatible for Editor in 0.19 ms, found 0 plugins.
Preloading 0 native plugins for Editor in 0.00 ms.
Invoked RoslynAnalysisRunner static constructor.
RoslynAnalysisRunner will not be running.
RoslynAnalysisRunner has terminated.
Mono: successfully reloaded assembly
- Completed reload, in  0.672 seconds
Platform modules already initialized, skipping
Refreshing native plugins compatible for Editor in 0.21 ms, found 0 plugins.
Preloading 0 native plugins for Editor in 0.00 ms.
Unloading 1103 Unused Serialized files (Serialized files now loaded: 0)
System memory in use before: 60.6 MB.
System memory in use after: 60.7 MB.

Unloading 4 unused Assets to reduce memory usage. Loaded Objects now: 1632.
Total: 1.722900 ms (FindLiveObjects: 0.230700 ms CreateObjectMapping: 0.028700 ms MarkObjects: 1.423500 ms  DeleteObjects: 0.038500 ms)

========================================================================
Received Prepare
Registering precompiled user dll's ...
Registered in 0.000774 seconds.
Begin MonoManager ReloadAssembly
Native extension for WindowsStandalone target not found
Refreshing native plugins compatible for Editor in 0.30 ms, found 0 plugins.
Preloading 0 native plugins for Editor in 0.00 ms.
Invoked RoslynAnalysisRunner static constructor.
RoslynAnalysisRunner will not be running.
RoslynAnalysisRunner has terminated.
Mono: successfully reloaded assembly
- Completed reload, in  0.628 seconds
Platform modules already initialized, skipping
Refreshing native plugins compatible for Editor in 0.25 ms, found 0 plugins.
Preloading 0 native plugins for Editor in 0.00 ms.
Unloading 1103 Unused Serialized files (Serialized files now loaded: 0)
System memory in use before: 60.6 MB.
System memory in use after: 60.7 MB.

Unloading 4 unused Assets to reduce memory usage. Loaded Objects now: 1634.
Total: 1.278100 ms (FindLiveObjects: 0.126200 ms CreateObjectMapping: 0.020600 ms MarkObjects: 1.114400 ms  DeleteObjects: 0.015800 ms)

========================================================================
Received Prepare
Registering precompiled user dll's ...
Registered in 0.000452 seconds.
Begin MonoManager ReloadAssembly
Native extension for WindowsStandalone target not found
Refreshing native plugins compatible for Editor in 0.21 ms, found 0 plugins.
Preloading 0 native plugins for Editor in 0.00 ms.
Invoked RoslynAnalysisRunner static constructor.
RoslynAnalysisRunner will not be running.
RoslynAnalysisRunner has terminated.
Mono: successfully reloaded assembly
- Completed reload, in  0.617 seconds
Platform modules already initialized, skipping
Refreshing native plugins compatible for Editor in 0.20 ms, found 0 plugins.
Preloading 0 native plugins for Editor in 0.00 ms.
Unloading 1103 Unused Serialized files (Serialized files now loaded: 0)
System memory in use before: 60.6 MB.
System memory in use after: 60.7 MB.

Unloading 4 unused Assets to reduce memory usage. Loaded Objects now: 1636.
Total: 1.397400 ms (FindLiveObjects: 0.114000 ms CreateObjectMapping: 0.039600 ms MarkObjects: 1.228700 ms  DeleteObjects: 0.014000 ms)

========================================================================
Received Import Request.
  Time since last request: 92.051897 seconds.
  path: Assets/RW/Scripts/sheepSpawner.cs
  artifactKey: Guid(91a99faad454a71479a8498e60efb95f) Importer(815301076,1909f56bfc062723c751e8b465ee728b)
Start importing Assets/RW/Scripts/sheepSpawner.cs using Guid(91a99faad454a71479a8498e60efb95f) Importer(815301076,1909f56bfc062723c751e8b465ee728b)  -> (artifact id: '6393de9320010483d9c110b5dba839ad') in 0.006121 seconds
  Import took 0.008605 seconds .

========================================================================
Received Import Request.
  Time since last request: 0.016805 seconds.
  path: Assets/RW/Scripts/sheepSpawner.cs
  artifactKey: Guid(91a99faad454a71479a8498e60efb95f) Importer(815301076,1909f56bfc062723c751e8b465ee728b)
Start importing Assets/RW/Scripts/sheepSpawner.cs using Guid(91a99faad454a71479a8498e60efb95f) Importer(815301076,1909f56bfc062723c751e8b465ee728b)  -> (artifact id: '6393de9320010483d9c110b5dba839ad') in 0.002502 seconds
  Import took 0.004506 seconds .

========================================================================
Received Prepare
Registering precompiled user dll's ...
Registered in 0.000494 seconds.
Begin MonoManager ReloadAssembly
Native extension for WindowsStandalone target not found
Refreshing native plugins compatible for Editor in 0.55 ms, found 0 plugins.
Preloading 0 native plugins for Editor in 0.00 ms.
Invoked RoslynAnalysisRunner static constructor.
RoslynAnalysisRunner will not be running.
RoslynAnalysisRunner has terminated.
Mono: successfully reloaded assembly
- Completed reload, in  0.600 seconds
Platform modules already initialized, skipping
Refreshing native plugins compatible for Editor in 0.40 ms, found 0 plugins.
Preloading 0 native plugins for Editor in 0.00 ms.
Unloading 1103 Unused Serialized files (Serialized files now loaded: 0)
System memory in use before: 60.6 MB.
System memory in use after: 60.7 MB.

Unloading 4 unused Assets to reduce memory usage. Loaded Objects now: 1638.
Total: 2.847200 ms (FindLiveObjects: 0.330500 ms CreateObjectMapping: 0.062900 ms MarkObjects: 2.431500 ms  DeleteObjects: 0.019900 ms)

========================================================================
Received Prepare
Registering precompiled user dll's ...
Registered in 0.000513 seconds.
Begin MonoManager ReloadAssembly
Native extension for WindowsStandalone target not found
Refreshing native plugins compatible for Editor in 0.19 ms, found 0 plugins.
Preloading 0 native plugins for Editor in 0.00 ms.
Invoked RoslynAnalysisRunner static constructor.
RoslynAnalysisRunner will not be running.
RoslynAnalysisRunner has terminated.
Mono: successfully reloaded assembly
- Completed reload, in  0.600 seconds
Platform modules already initialized, skipping
Refreshing native plugins compatible for Editor in 0.18 ms, found 0 plugins.
Preloading 0 native plugins for Editor in 0.00 ms.
Unloading 1103 Unused Serialized files (Serialized files now loaded: 0)
System memory in use before: 60.6 MB.
System memory in use after: 60.7 MB.

Unloading 4 unused Assets to reduce memory usage. Loaded Objects now: 1640.
Total: 2.023800 ms (FindLiveObjects: 0.171200 ms CreateObjectMapping: 0.021100 ms MarkObjects: 1.799300 ms  DeleteObjects: 0.030700 ms)

========================================================================
Received Prepare
Registering precompiled user dll's ...
Registered in 0.000504 seconds.
Begin MonoManager ReloadAssembly
Native extension for WindowsStandalone target not found
Refreshing native plugins compatible for Editor in 0.21 ms, found 0 plugins.
Preloading 0 native plugins for Editor in 0.00 ms.
Invoked RoslynAnalysisRunner static constructor.
RoslynAnalysisRunner will not be running.
RoslynAnalysisRunner has terminated.
Mono: successfully reloaded assembly
- Completed reload, in  0.582 seconds
Platform modules already initialized, skipping
Refreshing native plugins compatible for Editor in 0.23 ms, found 0 plugins.
Preloading 0 native plugins for Editor in 0.00 ms.
Unloading 1103 Unused Serialized files (Serialized files now loaded: 0)
System memory in use before: 60.6 MB.
System memory in use after: 60.7 MB.

Unloading 4 unused Assets to reduce memory usage. Loaded Objects now: 1642.
Total: 1.286600 ms (FindLiveObjects: 0.119900 ms CreateObjectMapping: 0.018800 ms MarkObjects: 1.133000 ms  DeleteObjects: 0.013700 ms)

========================================================================
Received Prepare
Registering precompiled user dll's ...
Registered in 0.000520 seconds.
Begin MonoManager ReloadAssembly
Native extension for WindowsStandalone target not found
Refreshing native plugins compatible for Editor in 0.24 ms, found 0 plugins.
Preloading 0 native plugins for Editor in 0.00 ms.
Invoked RoslynAnalysisRunner static constructor.
RoslynAnalysisRunner will not be running.
RoslynAnalysisRunner has terminated.
Mono: successfully reloaded assembly
- Completed reload, in  0.627 seconds
Platform modules already initialized, skipping
Refreshing native plugins compatible for Editor in 0.20 ms, found 0 plugins.
Preloading 0 native plugins for Editor in 0.00 ms.
Unloading 1103 Unused Serialized files (Serialized files now loaded: 0)
System memory in use before: 60.6 MB.
System memory in use after: 60.7 MB.

Unloading 4 unused Assets to reduce memory usage. Loaded Objects now: 1644.
Total: 1.673700 ms (FindLiveObjects: 0.117800 ms CreateObjectMapping: 0.019900 ms MarkObjects: 1.519500 ms  DeleteObjects: 0.015200 ms)

========================================================================
Received Prepare
Registering precompiled user dll's ...
Registered in 0.000504 seconds.
Begin MonoManager ReloadAssembly
Native extension for WindowsStandalone target not found
Refreshing native plugins compatible for Editor in 0.19 ms, found 0 plugins.
Preloading 0 native plugins for Editor in 0.00 ms.
Invoked RoslynAnalysisRunner static constructor.
RoslynAnalysisRunner will not be running.
RoslynAnalysisRunner has terminated.
Mono: successfully reloaded assembly
- Completed reload, in  0.575 seconds
Platform modules already initialized, skipping
Refreshing native plugins compatible for Editor in 0.18 ms, found 0 plugins.
Preloading 0 native plugins for Editor in 0.00 ms.
Unloading 1103 Unused Serialized files (Serialized files now loaded: 0)
System memory in use before: 60.6 MB.
System memory in use after: 60.7 MB.

Unloading 4 unused Assets to reduce memory usage. Loaded Objects now: 1646.
Total: 1.411200 ms (FindLiveObjects: 0.109800 ms CreateObjectMapping: 0.019900 ms MarkObjects: 1.264100 ms  DeleteObjects: 0.015800 ms)

========================================================================
Received Prepare
Registering precompiled user dll's ...
Registered in 0.000431 seconds.
Begin MonoManager ReloadAssembly
Native extension for WindowsStandalone target not found
Refreshing native plugins compatible for Editor in 0.19 ms, found 0 plugins.
Preloading 0 native plugins for Editor in 0.00 ms.
Invoked RoslynAnalysisRunner static constructor.
RoslynAnalysisRunner will not be running.
RoslynAnalysisRunner has terminated.
Mono: successfully reloaded assembly
- Completed reload, in  0.590 seconds
Platform modules already initialized, skipping
Refreshing native plugins compatible for Editor in 0.17 ms, found 0 plugins.
Preloading 0 native plugins for Editor in 0.00 ms.
Unloading 1103 Unused Serialized files (Serialized files now loaded: 0)
System memory in use before: 60.6 MB.
System memory in use after: 60.7 MB.

Unloading 4 unused Assets to reduce memory usage. Loaded Objects now: 1648.
Total: 2.548800 ms (FindLiveObjects: 0.142500 ms CreateObjectMapping: 0.035400 ms MarkObjects: 2.351000 ms  DeleteObjects: 0.018700 ms)

========================================================================
Received Prepare
Registering precompiled user dll's ...
Registered in 0.000815 seconds.
Begin MonoManager ReloadAssembly
Native extension for WindowsStandalone target not found
Refreshing native plugins compatible for Editor in 0.19 ms, found 0 plugins.
Preloading 0 native plugins for Editor in 0.00 ms.
Invoked RoslynAnalysisRunner static constructor.
RoslynAnalysisRunner will not be running.
RoslynAnalysisRunner has terminated.
Mono: successfully reloaded assembly
- Completed reload, in  0.557 seconds
Platform modules already initialized, skipping
Refreshing native plugins compatible for Editor in 0.18 ms, found 0 plugins.
Preloading 0 native plugins for Editor in 0.00 ms.
Unloading 1103 Unused Serialized files (Serialized files now loaded: 0)
System memory in use before: 60.6 MB.
System memory in use after: 60.8 MB.

Unloading 4 unused Assets to reduce memory usage. Loaded Objects now: 1650.
Total: 1.516600 ms (FindLiveObjects: 0.181800 ms CreateObjectMapping: 0.029200 ms MarkObjects: 1.288000 ms  DeleteObjects: 0.016400 ms)

========================================================================
Received Prepare
Registering precompiled user dll's ...
Registered in 0.000621 seconds.
Begin MonoManager ReloadAssembly
Native extension for WindowsStandalone target not found
Refreshing native plugins compatible for Editor in 0.26 ms, found 0 plugins.
Preloading 0 native plugins for Editor in 0.00 ms.
Invoked RoslynAnalysisRunner static constructor.
RoslynAnalysisRunner will not be running.
RoslynAnalysisRunner has terminated.
Mono: successfully reloaded assembly
- Completed reload, in  0.572 seconds
Platform modules already initialized, skipping
Refreshing native plugins compatible for Editor in 0.17 ms, found 0 plugins.
Preloading 0 native plugins for Editor in 0.00 ms.
Unloading 1103 Unused Serialized files (Serialized files now loaded: 0)
System memory in use before: 60.7 MB.
System memory in use after: 60.8 MB.

Unloading 4 unused Assets to reduce memory usage. Loaded Objects now: 1652.
Total: 1.845300 ms (FindLiveObjects: 0.196900 ms CreateObjectMapping: 0.026700 ms MarkObjects: 1.600400 ms  DeleteObjects: 0.019600 ms)

========================================================================
Received Prepare
Registering precompiled user dll's ...
Registered in 0.000426 seconds.
Begin MonoManager ReloadAssembly
Native extension for WindowsStandalone target not found
Refreshing native plugins compatible for Editor in 0.27 ms, found 0 plugins.
Preloading 0 native plugins for Editor in 0.00 ms.
Invoked RoslynAnalysisRunner static constructor.
RoslynAnalysisRunner will not be running.
RoslynAnalysisRunner has terminated.
Mono: successfully reloaded assembly
- Completed reload, in  0.544 seconds
Platform modules already initialized, skipping
Refreshing native plugins compatible for Editor in 0.22 ms, found 0 plugins.
Preloading 0 native plugins for Editor in 0.00 ms.
Unloading 1103 Unused Serialized files (Serialized files now loaded: 0)
System memory in use before: 60.7 MB.
System memory in use after: 60.8 MB.

Unloading 4 unused Assets to reduce memory usage. Loaded Objects now: 1654.
Total: 1.615200 ms (FindLiveObjects: 0.185100 ms CreateObjectMapping: 0.033000 ms MarkObjects: 1.380800 ms  DeleteObjects: 0.014700 ms)

========================================================================
Received Import Request.
  Time since last request: 1593.896705 seconds.
  path: Assets/RW/Prefabs/Sheep.prefab
  artifactKey: Guid(4d246bd4e83cf9f45848ce124ce4301d) Importer(815301076,1909f56bfc062723c751e8b465ee728b)
Start importing Assets/RW/Prefabs/Sheep.prefab using Guid(4d246bd4e83cf9f45848ce124ce4301d) Importer(815301076,1909f56bfc062723c751e8b465ee728b)  -> (artifact id: '19d97dcab52c88e1fd561cefb5299955') in 0.045895 seconds
  Import took 0.047798 seconds .

========================================================================
Received Prepare
Registering precompiled user dll's ...
Registered in 0.000459 seconds.
Begin MonoManager ReloadAssembly
Native extension for WindowsStandalone target not found
Refreshing native plugins compatible for Editor in 0.22 ms, found 0 plugins.
Preloading 0 native plugins for Editor in 0.00 ms.
Invoked RoslynAnalysisRunner static constructor.
RoslynAnalysisRunner will not be running.
RoslynAnalysisRunner has terminated.
Mono: successfully reloaded assembly
- Completed reload, in  0.565 seconds
Platform modules already initialized, skipping
Refreshing native plugins compatible for Editor in 0.17 ms, found 0 plugins.
Preloading 0 native plugins for Editor in 0.00 ms.
Unloading 1103 Unused Serialized files (Serialized files now loaded: 0)
System memory in use before: 60.7 MB.
System memory in use after: 60.8 MB.

Unloading 4 unused Assets to reduce memory usage. Loaded Objects now: 1657.
Total: 2.293600 ms (FindLiveObjects: 0.248400 ms CreateObjectMapping: 0.101900 ms MarkObjects: 1.908700 ms  DeleteObjects: 0.033900 ms)

AssetImportWorkerClient::OnTransportError - code=2 error=End of file
